I'm sorry, but errors were detected in your script. Please correct the
errors listed below, and try again.


File "game/script.rpy", line 104: invalid syntax
    HASHAVE =
    

Ren'Py Version: Ren'Py 7.4.8.1895
Sun Oct  3 17:05:56 2021
